** Drc report for UDEMY 32.kicad_pcb **
** Created on 2025-04-22T15:54:53+0500 **

** Found 53 DRC violations **
[lib_footprint_mismatch]: Посад. место 'SW_SPDT_PCM12' не совпадает с копией в библиотеке 'Button_Switch_SMD'.
    Local override; warning
    @(20,9750 mm, 61,2500 mm): Посад. место SW1
[starved_thermal]: Неполное подключение терморазгрузки к зоне (слой F.Cu; зоны мин. кол-во мостиков 2; фактическое 1)
    Local override; error
    @(49,2500 mm, 67,7500 mm): Зона [GND]  на F.Cu
    @(50,0000 mm, 69,0000 mm): Конт. пл. 2 [GND] от C1 на F.Cu
[starved_thermal]: Неполное подключение терморазгрузки к зоне (слой F.Cu; зоны мин. кол-во мостиков 2; фактическое 1)
    Local override; error
    @(46,7500 mm, 78,7500 mm): Зона [+3.3V]  на F.Cu
    @(49,0000 mm, 71,5000 mm): Конт. пл. 2 [+3.3V] от U1 на F.Cu
[starved_thermal]: Неполное подключение терморазгрузки к зоне (слой F.Cu; зоны мин. кол-во мостиков 2; фактическое 1)
    Local override; error
    @(45,7500 mm, 70,0000 mm): Зона [VBUS]  на F.Cu
    @(46,7000 mm, 71,5000 mm): Конт. пл. 3 [VBUS] от U1 на F.Cu
[silk_overlap]: Перекрытие шёлкографии
    Rule: ограничения настроек платы; warning
    @(21,5000 mm, 72,0000 mm): Обозначение 'G***'
    @(22,7611 mm, 70,7033 mm): Полигон на F.Silkscreen
[silk_overlap]: Перекрытие шёлкографии
    Rule: ограничения настроек платы; warning
    @(20,1449 mm, 72,3256 mm): Полигон на F.Silkscreen
    @(21,5000 mm, 72,0000 mm): Обозначение 'G***'
[silk_overlap]: Перекрытие шёлкографии
    Rule: ограничения настроек платы; warning
    @(21,5000 mm, 72,0000 mm): Обозначение 'G***'
    @(19,2616 mm, 72,3408 mm): Полигон на F.Silkscreen
[silk_overlap]: Перекрытие шёлкографии
    Rule: ограничения настроек платы; warning
    @(21,5000 mm, 72,0000 mm): Обозначение 'G***'
    @(19,4680 mm, 72,6541 mm): Полигон на F.Silkscreen
[silk_overlap]: Перекрытие шёлкографии
    Rule: ограничения настроек платы; warning
    @(19,9525 mm, 72,5374 mm): Полигон на F.Silkscreen
    @(21,5000 mm, 72,0000 mm): Обозначение 'G***'
[silk_overlap]: Перекрытие шёлкографии
    Rule: ограничения настроек платы; warning
    @(21,7723 mm, 71,3147 mm): Полигон на F.Silkscreen
    @(21,5000 mm, 72,0000 mm): Обозначение 'G***'
[silk_overlap]: Перекрытие шёлкографии
    Rule: ограничения настроек платы; warning
    @(21,9599 mm, 71,3191 mm): Полигон на F.Silkscreen
    @(21,5000 mm, 72,0000 mm): Обозначение 'G***'
[silk_overlap]: Перекрытие шёлкографии
    Rule: ограничения настроек платы; warning
    @(22,0179 mm, 71,3682 mm): Полигон на F.Silkscreen
    @(21,5000 mm, 72,0000 mm): Обозначение 'G***'
[silk_overlap]: Перекрытие шёлкографии
    Rule: ограничения настроек платы; warning
    @(22,0402 mm, 71,3147 mm): Полигон на F.Silkscreen
    @(21,5000 mm, 72,0000 mm): Обозначение 'G***'
[silk_overlap]: Перекрытие шёлкографии
    Rule: ограничения настроек платы; warning
    @(22,1340 mm, 71,3682 mm): Полигон на F.Silkscreen
    @(21,5000 mm, 72,0000 mm): Обозначение 'G***'
[silk_overlap]: Перекрытие шёлкографии
    Rule: ограничения настроек платы; warning
    @(21,8691 mm, 71,2871 mm): Полигон на F.Silkscreen
    @(21,5000 mm, 72,0000 mm): Обозначение 'G***'
[silk_overlap]: Перекрытие шёлкографии
    Rule: ограничения настроек платы; warning
    @(22,0703 mm, 71,3722 mm): Полигон на F.Silkscreen
    @(21,5000 mm, 72,0000 mm): Обозначение 'G***'
[silk_overlap]: Перекрытие шёлкографии
    Rule: ограничения настроек платы; warning
    @(22,1194 mm, 71,3633 mm): Полигон на F.Silkscreen
    @(21,5000 mm, 72,0000 mm): Обозначение 'G***'
[silk_overlap]: Перекрытие шёлкографии
    Rule: ограничения настроек платы; warning
    @(21,5000 mm, 72,0000 mm): Обозначение 'G***'
    @(22,1425 mm, 71,1641 mm): Полигон на F.Silkscreen
[silk_overlap]: Перекрытие шёлкографии
    Rule: ограничения настроек платы; warning
    @(21,5000 mm, 72,0000 mm): Обозначение 'G***'
    @(22,2307 mm, 71,1723 mm): Полигон на F.Silkscreen
[silk_overlap]: Перекрытие шёлкографии
    Rule: ограничения настроек платы; warning
    @(21,5000 mm, 72,0000 mm): Обозначение 'G***'
    @(22,3300 mm, 71,4937 mm): Полигон на F.Silkscreen
[silk_overlap]: Перекрытие шёлкографии
    Rule: ограничения настроек платы; warning
    @(21,5000 mm, 72,0000 mm): Обозначение 'G***'
    @(22,4077 mm, 71,4504 mm): Полигон на F.Silkscreen
[silk_overlap]: Перекрытие шёлкографии
    Rule: ограничения настроек платы; warning
    @(21,5000 mm, 72,0000 mm): Обозначение 'G***'
    @(21,8567 mm, 71,4176 mm): Полигон на F.Silkscreen
[silk_overlap]: Перекрытие шёлкографии
    Rule: ограничения настроек платы; warning
    @(21,5000 mm, 72,0000 mm): Обозначение 'G***'
    @(21,9875 mm, 71,1503 mm): Полигон на F.Silkscreen
[silk_overlap]: Перекрытие шёлкографии
    Rule: ограничения настроек платы; warning
    @(21,5000 mm, 72,0000 mm): Обозначение 'G***'
    @(22,0098 mm, 71,3455 mm): Полигон на F.Silkscreen
[silk_overlap]: Перекрытие шёлкографии
    Rule: ограничения настроек платы; warning
    @(21,5000 mm, 72,0000 mm): Обозначение 'G***'
    @(21,9149 mm, 71,2779 mm): Полигон на F.Silkscreen
[silk_overlap]: Перекрытие шёлкографии
    Rule: ограничения настроек платы; warning
    @(21,5000 mm, 72,0000 mm): Обозначение 'G***'
    @(21,8025 mm, 71,3500 mm): Полигон на F.Silkscreen
[silk_overlap]: Перекрытие шёлкографии
    Rule: ограничения настроек платы; warning
    @(21,5000 mm, 72,0000 mm): Обозначение 'G***'
    @(21,9629 mm, 71,4162 mm): Полигон на F.Silkscreen
[silk_overlap]: Перекрытие шёлкографии
    Rule: ограничения настроек платы; warning
    @(21,5000 mm, 72,0000 mm): Обозначение 'G***'
    @(22,0213 mm, 71,3054 mm): Полигон на F.Silkscreen
[silk_overlap]: Перекрытие шёлкографии
    Rule: ограничения настроек платы; warning
    @(22,9701 mm, 71,3817 mm): Полигон на F.Silkscreen
    @(21,5000 mm, 72,0000 mm): Обозначение 'G***'
[silk_overlap]: Перекрытие шёлкографии
    Rule: ограничения настроек платы; warning
    @(23,3841 mm, 71,0825 mm): Полигон на F.Silkscreen
    @(21,5000 mm, 72,0000 mm): Обозначение 'G***'
[silk_overlap]: Перекрытие шёлкографии
    Rule: ограничения настроек платы; warning
    @(23,4109 mm, 71,1718 mm): Полигон на F.Silkscreen
    @(21,5000 mm, 72,0000 mm): Обозначение 'G***'
[silk_overlap]: Перекрытие шёлкографии
    Rule: ограничения настроек платы; warning
    @(23,4273 mm, 71,0996 mm): Полигон на F.Silkscreen
    @(21,5000 mm, 72,0000 mm): Обозначение 'G***'
[silk_overlap]: Перекрытие шёлкографии
    Rule: ограничения настроек платы; warning
    @(23,2770 mm, 71,2075 mm): Полигон на F.Silkscreen
    @(21,5000 mm, 72,0000 mm): Обозначение 'G***'
[silk_overlap]: Перекрытие шёлкографии
    Rule: ограничения настроек платы; warning
    @(23,3395 mm, 71,2432 mm): Полигон на F.Silkscreen
    @(21,5000 mm, 72,0000 mm): Обозначение 'G***'
[silk_overlap]: Перекрытие шёлкографии
    Rule: ограничения настроек платы; warning
    @(21,5000 mm, 72,0000 mm): Обозначение 'G***'
    @(23,2323 mm, 71,6300 mm): Полигон на F.Silkscreen
[silk_overlap]: Перекрытие шёлкографии
    Rule: ограничения настроек платы; warning
    @(21,5000 mm, 72,0000 mm): Обозначение 'G***'
    @(23,4963 mm, 71,1245 mm): Полигон на F.Silkscreen
[silk_overlap]: Перекрытие шёлкографии
    Rule: ограничения настроек платы; warning
    @(23,7368 mm, 71,3727 mm): Полигон на F.Silkscreen
    @(21,5000 mm, 72,0000 mm): Обозначение 'G***'
[silk_overlap]: Перекрытие шёлкографии
    Rule: ограничения настроек платы; warning
    @(21,5000 mm, 72,0000 mm): Обозначение 'G***'
    @(23,8567 mm, 71,4515 mm): Полигон на F.Silkscreen
[silk_overlap]: Перекрытие шёлкографии
    Rule: ограничения настроек платы; warning
    @(21,5000 mm, 72,0000 mm): Обозначение 'G***'
    @(23,7261 mm, 71,3494 mm): Полигон на F.Silkscreen
[silk_overlap]: Перекрытие шёлкографии
    Rule: ограничения настроек платы; warning
    @(21,5000 mm, 72,0000 mm): Обозначение 'G***'
    @(23,7769 mm, 71,3816 mm): Полигон на F.Silkscreen
[silk_overlap]: Перекрытие шёлкографии
    Rule: ограничения настроек платы; warning
    @(21,5000 mm, 72,0000 mm): Обозначение 'G***'
    @(23,7056 mm, 71,2879 mm): Полигон на F.Silkscreen
[silk_overlap]: Перекрытие шёлкографии
    Rule: ограничения настроек платы; warning
    @(21,5000 mm, 72,0000 mm): Обозначение 'G***'
    @(23,8395 mm, 71,3147 mm): Полигон на F.Silkscreen
[silk_overlap]: Перекрытие шёлкографии
    Rule: ограничения настроек платы; warning
    @(21,5000 mm, 72,0000 mm): Обозначение 'G***'
    @(23,7418 mm, 71,3551 mm): Полигон на F.Silkscreen
[silk_overlap]: Перекрытие шёлкографии
    Rule: ограничения настроек платы; warning
    @(21,5000 mm, 72,0000 mm): Обозначение 'G***'
    @(23,7545 mm, 71,3012 mm): Полигон на F.Silkscreen
[silk_overlap]: Перекрытие шёлкографии
    Rule: ограничения настроек платы; warning
    @(21,5000 mm, 72,0000 mm): Обозначение 'G***'
    @(23,8470 mm, 71,5059 mm): Полигон на F.Silkscreen
[silk_overlap]: Перекрытие шёлкографии
    Rule: ограничения настроек платы; warning
    @(21,5000 mm, 72,0000 mm): Обозначение 'G***'
    @(23,8514 mm, 71,4925 mm): Полигон на F.Silkscreen
[silk_overlap]: Перекрытие шёлкографии
    Rule: ограничения настроек платы; warning
    @(21,5000 mm, 72,0000 mm): Обозначение 'G***'
    @(23,8885 mm, 71,4407 mm): Полигон на F.Silkscreen
[silk_overlap]: Перекрытие шёлкографии
    Rule: ограничения настроек платы; warning
    @(21,5000 mm, 72,0000 mm): Обозначение 'G***'
    @(23,8682 mm, 71,4771 mm): Полигон на F.Silkscreen
[silk_overlap]: Перекрытие шёлкографии
    Rule: ограничения настроек платы; warning
    @(21,5000 mm, 72,0000 mm): Обозначение 'G***'
    @(23,6132 mm, 71,2934 mm): Полигон на F.Silkscreen
[silk_overlap]: Перекрытие шёлкографии
    Rule: ограничения настроек платы; warning
    @(23,5449 mm, 71,2337 mm): Полигон на F.Silkscreen
    @(21,5000 mm, 72,0000 mm): Обозначение 'G***'
[silk_overlap]: Перекрытие шёлкографии
    Rule: ограничения настроек платы; warning
    @(23,4733 mm, 71,0613 mm): Полигон на F.Silkscreen
    @(21,5000 mm, 72,0000 mm): Обозначение 'G***'
[silk_overlap]: Перекрытие шёлкографии
    Rule: ограничения настроек платы; warning
    @(21,5000 mm, 72,0000 mm): Обозначение 'G***'
    @(23,3795 mm, 71,0390 mm): Полигон на F.Silkscreen
[silk_overlap]: Перекрытие шёлкографии
    Rule: ограничения настроек платы; warning
    @(21,5000 mm, 72,0000 mm): Обозначение 'G***'
    @(23,3112 mm, 71,1701 mm): Полигон на F.Silkscreen

** Found 3 unconnected pads **
[unconnected_items]: Отсутствует соединение между элементами
    Local override; error
    @(56,1500 mm, 64,9250 mm): Конт. пл. 1 [VBUS] от J1 на F.Cu
    @(45,7500 mm, 70,0000 mm): Зона [VBUS]  на F.Cu
[unconnected_items]: Отсутствует соединение между элементами
    Local override; error
    @(32,0000 mm, 72,2500 mm): Дорожка [+3.3V] на F.Cu, длина 4,5000 mm
    @(33,2500 mm, 72,5000 mm): Конт. пл. 2 [+3.3V] от FB1 на F.Cu
[unconnected_items]: Отсутствует соединение между элементами
    Local override; error
    @(57,2300 mm, 71,2400 mm): Конт. пл. 1 [/PWR_LED_K] от R1 на F.Cu
    @(57,2500 mm, 72,9250 mm): Конт. пл. 1 [/PWR_LED_K] от D1 на F.Cu

** Found 0 Footprint errors **

** End of Report **
